{
  "identifier" : "com.revenuecat.purchases_hybrid_common.monthly_19.99.discount",
  "keyIdentifier" : "86BFACF6MM"
}