{
  "activeSubscriptions" : [

  ],
  "allPurchasedProductIdentifiers" : [

  ],
  "entitlements" : {
    "active" : {

    },
    "all" : {

    },
    "verification" : "VERIFIED"
  },
  "latestExpirationDate" : null,
  "latestExpirationDateMillis" : null,
  "managementURL" : null,
  "nonSubscriptionTransactions" : [

  ],
  "originalApplicationVersion" : null,
  "originalPurchaseDate" : null,
  "originalPurchaseDateMillis" : null,
  "subscriptionsByProductIdentifier" : {

  }
}