{
  "com.revenuecat.purchases_hybrid_common.monthly_19.99_.1_week_intro" : {
    "description" : "Eligible for trial or introductory price.",
    "status" : 2
  }
}