{
  "productId" : "com.revenuecat.purchases_hybrid_common.monthly_19.99_.1_week_intro",
  "productIdentifier" : "com.revenuecat.purchases_hybrid_common.monthly_19.99_.1_week_intro",
  "revenueCatId" : "0",
  "transactionIdentifier" : "0"
}