{
  "customerInfo" : {
    "activeSubscriptions" : [
      "com.revenuecat.purchases_hybrid_common.monthly_19.99_.1_week_intro"
    ],
    "allPurchasedProductIdentifiers" : [
      "com.revenuecat.purchases_hybrid_common.monthly_19.99_.1_week_intro"
    ],
    "entitlements" : {
      "active" : {
        "premium" : {
          "billingIssueDetectedAt" : null,
          "billingIssueDetectedAtMillis" : null,
          "identifier" : "premium",
          "isActive" : true,
          "isSandbox" : true,
          "ownershipType" : "PURCHASED",
          "periodType" : "TRIAL",
          "productIdentifier" : "com.revenuecat.purchases_hybrid_common.monthly_19.99_.1_week_intro",
          "productPlanIdentifier" : null,
          "store" : "APP_STORE",
          "unsubscribeDetectedAt" : null,
          "unsubscribeDetectedAtMillis" : null,
          "verification" : "NOT_REQUESTED",
          "willRenew" : true
        }
      },
      "all" : {
        "premium" : {
          "billingIssueDetectedAt" : null,
          "billingIssueDetectedAtMillis" : null,
          "identifier" : "premium",
          "isActive" : true,
          "isSandbox" : true,
          "ownershipType" : "PURCHASED",
          "periodType" : "TRIAL",
          "productIdentifier" : "com.revenuecat.purchases_hybrid_common.monthly_19.99_.1_week_intro",
          "productPlanIdentifier" : null,
          "store" : "APP_STORE",
          "unsubscribeDetectedAt" : null,
          "unsubscribeDetectedAtMillis" : null,
          "verification" : "NOT_REQUESTED",
          "willRenew" : true
        }
      },
      "verification" : "NOT_REQUESTED"
    },
    "managementURL" : "https:\/\/apps.apple.com\/account\/subscriptions",
    "nonSubscriptionTransactions" : [

    ],
    "originalApplicationVersion" : "1"
  },
  "productIdentifier" : "com.revenuecat.purchases_hybrid_common.monthly_19.99_.1_week_intro",
  "transaction" : {
    "productId" : "com.revenuecat.purchases_hybrid_common.monthly_19.99_.1_week_intro",
    "productIdentifier" : "com.revenuecat.purchases_hybrid_common.monthly_19.99_.1_week_intro",
    "revenueCatId" : "0",
    "transactionIdentifier" : "0"
  }
}